Archive member included to satisfy reference by file (symbol)

E:/NXP/S32DS_ARM_v2.2/S32DS/build_tools/gcc_v6.3/gcc-6.3-arm32-eabi/arm-none-eabi/newlib/lib/thumb/v7e-m/fpv4-sp/hard\libc_nano.a(lib_a-exit.o)
                              E:/NXP/S32DS_ARM_v2.2/S32DS/build_tools/gcc_v6.3/gcc-6.3-arm32-eabi/arm-none-eabi/newlib/lib/thumb/v7e-m/fpv4-sp/hard/crt0.o (exit)
E:/NXP/S32DS_ARM_v2.2/S32DS/build_tools/gcc_v6.3/gcc-6.3-arm32-eabi/arm-none-eabi/newlib/lib/thumb/v7e-m/fpv4-sp/hard\libc_nano.a(lib_a-impure.o)
                              E:/NXP/S32DS_ARM_v2.2/S32DS/build_tools/gcc_v6.3/gcc-6.3-arm32-eabi/arm-none-eabi/newlib/lib/thumb/v7e-m/fpv4-sp/hard\libc_nano.a(lib_a-exit.o) (_global_impure_ptr)
E:/NXP/S32DS_ARM_v2.2/S32DS/build_tools/gcc_v6.3/gcc-6.3-arm32-eabi/arm-none-eabi/newlib/lib/thumb/v7e-m/fpv4-sp/hard\libc_nano.a(lib_a-init.o)
                              E:/NXP/S32DS_ARM_v2.2/S32DS/build_tools/gcc_v6.3/gcc-6.3-arm32-eabi/arm-none-eabi/newlib/lib/thumb/v7e-m/fpv4-sp/hard/crt0.o (__libc_init_array)
E:/NXP/S32DS_ARM_v2.2/S32DS/build_tools/gcc_v6.3/gcc-6.3-arm32-eabi/arm-none-eabi/newlib/lib/thumb/v7e-m/fpv4-sp/hard\libc_nano.a(lib_a-malloc.o)
                              ./Sources/Ymodem.o (malloc)
E:/NXP/S32DS_ARM_v2.2/S32DS/build_tools/gcc_v6.3/gcc-6.3-arm32-eabi/arm-none-eabi/newlib/lib/thumb/v7e-m/fpv4-sp/hard\libc_nano.a(lib_a-memcpy-stub.o)
                              ./Sources/Ymodem.o (memcpy)
E:/NXP/S32DS_ARM_v2.2/S32DS/build_tools/gcc_v6.3/gcc-6.3-arm32-eabi/arm-none-eabi/newlib/lib/thumb/v7e-m/fpv4-sp/hard\libc_nano.a(lib_a-memset.o)
                              E:/NXP/S32DS_ARM_v2.2/S32DS/build_tools/gcc_v6.3/gcc-6.3-arm32-eabi/arm-none-eabi/newlib/lib/thumb/v7e-m/fpv4-sp/hard/crt0.o (memset)
E:/NXP/S32DS_ARM_v2.2/S32DS/build_tools/gcc_v6.3/gcc-6.3-arm32-eabi/arm-none-eabi/newlib/lib/thumb/v7e-m/fpv4-sp/hard\libc_nano.a(lib_a-nano-freer.o)
                              E:/NXP/S32DS_ARM_v2.2/S32DS/build_tools/gcc_v6.3/gcc-6.3-arm32-eabi/arm-none-eabi/newlib/lib/thumb/v7e-m/fpv4-sp/hard\libc_nano.a(lib_a-malloc.o) (_free_r)
E:/NXP/S32DS_ARM_v2.2/S32DS/build_tools/gcc_v6.3/gcc-6.3-arm32-eabi/arm-none-eabi/newlib/lib/thumb/v7e-m/fpv4-sp/hard\libc_nano.a(lib_a-nano-mallocr.o)
                              E:/NXP/S32DS_ARM_v2.2/S32DS/build_tools/gcc_v6.3/gcc-6.3-arm32-eabi/arm-none-eabi/newlib/lib/thumb/v7e-m/fpv4-sp/hard\libc_nano.a(lib_a-malloc.o) (_malloc_r)
E:/NXP/S32DS_ARM_v2.2/S32DS/build_tools/gcc_v6.3/gcc-6.3-arm32-eabi/arm-none-eabi/newlib/lib/thumb/v7e-m/fpv4-sp/hard\libc_nano.a(lib_a-sbrkr.o)
                              E:/NXP/S32DS_ARM_v2.2/S32DS/build_tools/gcc_v6.3/gcc-6.3-arm32-eabi/arm-none-eabi/newlib/lib/thumb/v7e-m/fpv4-sp/hard\libc_nano.a(lib_a-nano-mallocr.o) (_sbrk_r)
E:/NXP/S32DS_ARM_v2.2/S32DS/build_tools/gcc_v6.3/gcc-6.3-arm32-eabi/arm-none-eabi/newlib/lib/thumb/v7e-m/fpv4-sp/hard\libc_nano.a(lib_a-strlen.o)
                              ./Sources/LPUART.o (strlen)
E:/NXP/S32DS_ARM_v2.2/S32DS/build_tools/gcc_v6.3/gcc-6.3-arm32-eabi/arm-none-eabi/newlib/lib/thumb/v7e-m/fpv4-sp/hard\libc_nano.a(lib_a-vsprintf.o)
                              ./Sources/LPUART.o (vsprintf)
E:/NXP/S32DS_ARM_v2.2/S32DS/build_tools/gcc_v6.3/gcc-6.3-arm32-eabi/arm-none-eabi/newlib/lib/thumb/v7e-m/fpv4-sp/hard\libc_nano.a(lib_a-mlock.o)
                              E:/NXP/S32DS_ARM_v2.2/S32DS/build_tools/gcc_v6.3/gcc-6.3-arm32-eabi/arm-none-eabi/newlib/lib/thumb/v7e-m/fpv4-sp/hard\libc_nano.a(lib_a-nano-freer.o) (__malloc_lock)
E:/NXP/S32DS_ARM_v2.2/S32DS/build_tools/gcc_v6.3/gcc-6.3-arm32-eabi/arm-none-eabi/newlib/lib/thumb/v7e-m/fpv4-sp/hard\libc_nano.a(lib_a-nano-svfprintf.o)
                              E:/NXP/S32DS_ARM_v2.2/S32DS/build_tools/gcc_v6.3/gcc-6.3-arm32-eabi/arm-none-eabi/newlib/lib/thumb/v7e-m/fpv4-sp/hard\libc_nano.a(lib_a-vsprintf.o) (_svfprintf_r)
E:/NXP/S32DS_ARM_v2.2/S32DS/build_tools/gcc_v6.3/gcc-6.3-arm32-eabi/arm-none-eabi/newlib/lib/thumb/v7e-m/fpv4-sp/hard\libc_nano.a(lib_a-nano-vfprintf_i.o)
                              E:/NXP/S32DS_ARM_v2.2/S32DS/build_tools/gcc_v6.3/gcc-6.3-arm32-eabi/arm-none-eabi/newlib/lib/thumb/v7e-m/fpv4-sp/hard\libc_nano.a(lib_a-nano-svfprintf.o) (_printf_i)
E:/NXP/S32DS_ARM_v2.2/S32DS/build_tools/gcc_v6.3/gcc-6.3-arm32-eabi/arm-none-eabi/newlib/lib/thumb/v7e-m/fpv4-sp/hard\libc_nano.a(lib_a-reent.o)
                              E:/NXP/S32DS_ARM_v2.2/S32DS/build_tools/gcc_v6.3/gcc-6.3-arm32-eabi/arm-none-eabi/newlib/lib/thumb/v7e-m/fpv4-sp/hard\libc_nano.a(lib_a-sbrkr.o) (errno)
E:/NXP/S32DS_ARM_v2.2/S32DS/build_tools/gcc_v6.3/gcc-6.3-arm32-eabi/arm-none-eabi/newlib/lib/thumb/v7e-m/fpv4-sp/hard\libc_nano.a(lib_a-memchr.o)
                              E:/NXP/S32DS_ARM_v2.2/S32DS/build_tools/gcc_v6.3/gcc-6.3-arm32-eabi/arm-none-eabi/newlib/lib/thumb/v7e-m/fpv4-sp/hard\libc_nano.a(lib_a-nano-svfprintf.o) (memchr)
[...]
Memory Configuration

Name             Origin             Length             Attributes
m_interrupts     0x00000000         0x00000400         xr
m_flash_config   0x00000400         0x00000010         xr
m_text           0x00000410         0x00008bf0         xr
m_data           0x1fff8000         0x00008000         rw
m_data_2         0x20000000         0x00007000         rw
*default*        0x00000000         0xffffffff

Linker script and memory map

LOAD e:/nxp/s32ds_arm_v2.2/s32ds/build_tools/gcc_v6.3/gcc-6.3-arm32-eabi/bin/../lib/gcc/arm-none-eabi/6.3.1/thumb/v7e-m/fpv4-sp/hard/crti.o
LOAD e:/nxp/s32ds_arm_v2.2/s32ds/build_tools/gcc_v6.3/gcc-6.3-arm32-eabi/bin/../lib/gcc/arm-none-eabi/6.3.1/thumb/v7e-m/fpv4-sp/hard/crtbegin.o
LOAD E:/NXP/S32DS_ARM_v2.2/S32DS/build_tools/gcc_v6.3/gcc-6.3-arm32-eabi/arm-none-eabi/newlib/lib/thumb/v7e-m/fpv4-sp/hard/crt0.o
LOAD ./Generated_Code/Cpu.o
LOAD ./Generated_Code/Flash1.o
LOAD ./Generated_Code/clockMan1.o
LOAD ./Generated_Code/pin_mux.o
LOAD ./Project_Settings/Startup_Code/startup_S32K144.o
LOAD ./SDK/platform/devices/S32K144/startup/system_S32K144.o
LOAD ./SDK/platform/devices/startup.o
LOAD ./SDK/platform/drivers/src/clock/S32K1xx/clock_S32K1xx.o
LOAD ./SDK/platform/drivers/src/flash/flash_driver.o
LOAD ./SDK/platform/drivers/src/interrupt/interrupt_manager.o
LOAD ./SDK/platform/drivers/src/pins/pins_driver.o
LOAD ./SDK/platform/drivers/src/pins/pins_port_hw_access.o
LOAD ./Sources/FlashWriteRead.o
LOAD ./Sources/LPUART.o
LOAD ./Sources/RGB_LED.o
LOAD ./Sources/Ymodem.o
LOAD ./Sources/latency.o
LOAD ./Sources/main.o
START GROUP
LOAD e:/nxp/s32ds_arm_v2.2/s32ds/build_tools/gcc_v6.3/gcc-6.3-arm32-eabi/bin/../lib/gcc/arm-none-eabi/6.3.1/thumb/v7e-m/fpv4-sp/hard\libgcc.a
LOAD E:/NXP/S32DS_ARM_v2.2/S32DS/build_tools/gcc_v6.3/gcc-6.3-arm32-eabi/arm-none-eabi/newlib/lib/thumb/v7e-m/fpv4-sp/hard\libc_nano.a
END GROUP
START GROUP
LOAD e:/nxp/s32ds_arm_v2.2/s32ds/build_tools/gcc_v6.3/gcc-6.3-arm32-eabi/bin/../lib/gcc/arm-none-eabi/6.3.1/thumb/v7e-m/fpv4-sp/hard\libgcc.a
LOAD E:/NXP/S32DS_ARM_v2.2/S32DS/build_tools/gcc_v6.3/gcc-6.3-arm32-eabi/arm-none-eabi/newlib/lib/thumb/v7e-m/fpv4-sp/hard\libc_nano.a
LOAD E:/NXP/S32DS_ARM_v2.2/S32DS/build_tools/gcc_v6.3/gcc-6.3-arm32-eabi/arm-none-eabi/newlib/lib/thumb/v7e-m/fpv4-sp/hard\libnosys.a
END GROUP
START GROUP
LOAD e:/nxp/s32ds_arm_v2.2/s32ds/build_tools/gcc_v6.3/gcc-6.3-arm32-eabi/bin/../lib/gcc/arm-none-eabi/6.3.1/thumb/v7e-m/fpv4-sp/hard\libgcc.a
LOAD E:/NXP/S32DS_ARM_v2.2/S32DS/build_tools/gcc_v6.3/gcc-6.3-arm32-eabi/arm-none-eabi/newlib/lib/thumb/v7e-m/fpv4-sp/hard\libc_nano.a
LOAD E:/NXP/S32DS_ARM_v2.2/S32DS/build_tools/gcc_v6.3/gcc-6.3-arm32-eabi/arm-none-eabi/newlib/lib/thumb/v7e-m/fpv4-sp/hard\libnosys.a
END GROUP
LOAD e:/nxp/s32ds_arm_v2.2/s32ds/build_tools/gcc_v6.3/gcc-6.3-arm32-eabi/bin/../lib/gcc/arm-none-eabi/6.3.1/thumb/v7e-m/fpv4-sp/hard/crtend.o
LOAD e:/nxp/s32ds_arm_v2.2/s32ds/build_tools/gcc_v6.3/gcc-6.3-arm32-eabi/bin/../lib/gcc/arm-none-eabi/6.3.1/thumb/v7e-m/fpv4-sp/hard/crtn.o
                0x00000400                HEAP_SIZE = DEFINED (__heap_size__)?__heap_size__:0x400
                0x00000400                STACK_SIZE = DEFINED (__stack_size__)?__stack_size__:0x400
                0x00000400                M_VECTOR_RAM_SIZE = DEFINED (__flash_vector_table__)?0x0:0x400

.interrupts     0x00000000      0x400
                0x00000000                __VECTOR_TABLE = .
                0x00000000                __interrupts_start__ = .
                0x00000000                . = ALIGN (0x4)
 *(.isr_vector)
 .isr_vector    0x00000000      0x400 ./Project_Settings/Startup_Code/startup_S32K144.o
                0x00000000                __isr_vector
                0x00000400                __interrupts_end__ = .
                0x00000400                . = ALIGN (0x4)

.flash_config   0x00000400       0x10
                0x00000400                . = ALIGN (0x4)
 *(.FlashConfig)
 .FlashConfig   0x00000400       0x10 ./Project_Settings/Startup_Code/startup_S32K144.o
                0x00000410                . = ALIGN (0x4)

.text           0x00000410     0x2578
                0x00000410                . = ALIGN (0x4)
 *(.text)
 .text          0x00000410       0x4c ./Project_Settings/Startup_Code/startup_S32K144.o
                0x00000410                Reset_Handler
                0x00000458                DebugMon_Handler
                0x00000458                Reserved88_IRQHandler
                0x00000458                CAN0_ORed_IRQHandler
                0x00000458                HardFault_Handler
                0x00000458                Reserved86_IRQHandler
                0x00000458                Reserved103_IRQHandler
                0x00000458                SysTick_Handler
                0x00000458                FTM2_Ovf_Reload_IRQHandler
                0x00000458                Reserved50_IRQHandler
                0x00000458                FTFC_Fault_IRQHandler
                0x00000458                FTM0_Ch6_Ch7_IRQHandler
                0x00000458                Reserved114_IRQHandler
                0x00000458                PendSV_Handler
                0x00000458                NMI_Handler
                0x00000458                Reserved89_IRQHandler
                0x00000458                ERM_double_fault_IRQHandler
                0x00000458                DMA2_IRQHandler
                0x00000458                Reserved59_IRQHandler
                0x00000458                LPIT0_Ch0_IRQHandler
                0x00000458                Reserved99_IRQHandler
                0x00000458                FTM3_Ch6_Ch7_IRQHandler
                0x00000458                CAN2_ORed_0_15_MB_IRQHandler
                0x00000458                LPIT0_Ch3_IRQHandler
                0x00000458                Reserved92_IRQHandler
                0x00000458                FTM0_Ch4_Ch5_IRQHandler
                0x00000458                CAN1_Error_IRQHandler
                0x00000458                FTM3_Ch0_Ch1_IRQHandler
                0x00000458                SWI_IRQHandler
                0x00000458                ADC0_IRQHandler
                0x00000458                FTM2_Ch4_Ch5_IRQHandler
                0x00000458                UsageFault_Handler
                0x00000458                FTM0_Ovf_Reload_IRQHandler
                0x00000458                DefaultISR
                0x00000458                DMA9_IRQHandler
                0x00000458                Reserved58_IRQHandler
                0x00000458                CAN1_ORed_0_15_MB_IRQHandler
                0x00000458                FTM1_Ch2_Ch3_IRQHandler
                0x00000458                DMA14_IRQHandler
                0x00000458                Reserved82_IRQHandler
                0x00000458                CAN0_ORed_16_31_MB_IRQHandler
                0x00000458                LPI2C0_Slave_IRQHandler
                0x00000458                Reserved71_IRQHandler
                0x00000458                PORTD_IRQHandler
                0x00000458                Reserved69_IRQHandler
                0x00000458                PORTB_IRQHandler
                0x00000458                Reserved70_IRQHandler
                0x00000458                ADC1_IRQHandler
                0x00000458                FTM2_Ch2_Ch3_IRQHandler
                0x00000458                Reserved53_IRQHandler
                0x00000458                DMA5_IRQHandler
                0x00000458                RTC_IRQHandler
                0x00000458                PDB0_IRQHandler
                0x00000458                Reserved54_IRQHandler
                0x00000458                FTM2_Ch6_Ch7_IRQHandler
                0x00000458                FTM3_Ch2_Ch3_IRQHandler
                0x00000458                FTM2_Ch0_Ch1_IRQHandler
                0x00000458                LPSPI1_IRQHandler
                0x00000458                RTC_Seconds_IRQHandler
                0x00000458                CAN2_ORed_IRQHandler
                0x00000458                Reserved72_IRQHandler
                0x00000458                Reserved110_IRQHandler
                0x00000458                DMA11_IRQHandler
                0x00000458                Reserved107_IRQHandler
                0x00000458                Read_Collision_IRQHandler
                0x00000458                CAN2_Error_IRQHandler
                0x00000458                FTFC_IRQHandler
                0x00000458                DMA7_IRQHandler
                0x00000458                FTM1_Ch6_Ch7_IRQHandler
                0x00000458                Reserved105_IRQHandler
                0x00000458                LPIT0_Ch1_IRQHandler
                0x00000458                FTM1_Ch4_Ch5_IRQHandler
                0x00000458                FTM3_Ovf_Reload_IRQHandler
                0x00000458                LPUART2_RxTx_IRQHandler
                0x00000458                LPSPI0_IRQHandler
                0x00000458                WDOG_EWM_IRQHandler
                0x00000458                MemManage_Handler
                0x00000458                Reserved90_IRQHandler
                0x00000458                Reserved83_IRQHandler
                0x00000458                FTM0_Fault_IRQHandler
                0x00000458                Reserved48_IRQHandler
                0x00000458                SVC_Handler
                0x00000458                ERM_single_fault_IRQHandler
                0x00000458                FTM2_Fault_IRQHandler
                0x00000458                FTM0_Ch2_Ch3_IRQHandler
                0x00000458                DMA13_IRQHandler
                0x00000458                FTM0_Ch0_Ch1_IRQHandler
                0x00000458                FTM3_Fault_IRQHandler
                0x00000458                RCM_IRQHandler
                0x00000458                DMA3_IRQHandler
                0x00000458                Reserved100_IRQHandler
                0x00000458                DMA0_IRQHandler
                0x00000458                Reserved91_IRQHandler
                0x00000458                CAN1_ORed_IRQHandler
                0x00000458                DMA15_IRQHandler
                0x00000458                SCG_IRQHandler
                0x00000458                PDB1_IRQHandler
                0x00000458                Reserved81_IRQHandler
                0x00000458                Reserved46_IRQHandler
                0x00000458                Reserved45_IRQHandler
                0x00000458                CAN0_Error_IRQHandler
                0x00000458                Reserved112_IRQHandler
                0x00000458                LPI2C0_Master_IRQHandler
                0x00000458                DMA4_IRQHandler
                0x00000458                FTM1_Fault_IRQHandler
                0x00000458                Reserved106_IRQHandler
                0x00000458                DMA_Error_IRQHandler
                0x00000458                LVD_LVW_IRQHandler
                0x00000458                LPIT0_Ch2_IRQHandler
                0x00000458                PORTA_IRQHandler
                0x00000458                MCM_IRQHandler
                0x00000458                LPSPI2_IRQHandler
                0x00000458                DMA12_IRQHandler
                0x00000458                FTM3_Ch4_Ch5_IRQHandler
                0x00000458                CAN0_ORed_0_15_MB_IRQHandler
                0x00000458                PORTE_IRQHandler
                0x00000458                LPUART0_RxTx_IRQHandler
                0x00000458                LPTMR0_IRQHandler
                0x00000458                BusFault_Handler
                0x00000458                Reserved87_IRQHandler
                0x00000458                FTM1_Ovf_Reload_IRQHandler
                0x00000458                DMA8_IRQHandler
                0x00000458                Reserved93_IRQHandler
                0x00000458                DMA10_IRQHandler
                0x00000458                CAN0_Wake_Up_IRQHandler
                0x00000458                CMP0_IRQHandler
                0x00000458                Reserved52_IRQHandler
                0x00000458                PORTC_IRQHandler
                0x00000458                DMA6_IRQHandler
                0x00000458                FTM1_Ch0_Ch1_IRQHandler
                0x00000458                FLEXIO_IRQHandler
                0x00000458                DMA1_IRQHandler
                0x00000458                Reserved113_IRQHandler
 .text          0x0000045c       0x10 E:/NXP/S32DS_ARM_v2.2/S32DS/build_tools/gcc_v6.3/gcc-6.3-arm32-eabi/arm-none-eabi/newlib/lib/thumb/v7e-m/fpv4-sp/hard\libc_nano.a(lib_a-strlen.o)
                0x0000045c                strlen
 *fill*         0x0000046c        0x4 
 .text          0x00000470       0xa0 E:/NXP/S32DS_ARM_v2.2/S32DS/build_tools/gcc_v6.3/gcc-6.3-arm32-eabi/arm-none-eabi/newlib/lib/thumb/v7e-m/fpv4-sp/hard\libc_nano.a(lib_a-memchr.o)
                0x00000470                memchr
 *(.text*)
 .text.SystemInit
                0x00000510       0x3c ./SDK/platform/devices/S32K144/startup/system_S32K144.o
                0x00000510                SystemInit
 .text.init_data_bss
                0x0000054c       0xd8 ./SDK/platform/devices/startup.o
                0x0000054c                init_data_bss
 .text.CLOCK_SYS_GetCurrentRunMode
                0x00000624       0x24 ./SDK/platform/drivers/src/clock/S32K1xx/clock_S32K1xx.o
 .text.CLOCK_SYS_GetSysOscFreq
                0x00000648       0x1c ./SDK/platform/drivers/src/clock/S32K1xx/clock_S32K1xx.o
 .text.CLOCK_SYS_ConfigureSOSC
                0x00000664      0x12c ./SDK/platform/drivers/src/clock/S32K1xx/clock_S32K1xx.o
 .text.CLOCK_SYS_GetSircFreq
                0x00000790       0x2c ./SDK/platform/drivers/src/clock/S32K1xx/clock_S32K1xx.o
 .text.CLOCK_SYS_ConfigureSIRC
                0x000007bc       0xc4 ./SDK/platform/drivers/src/clock/S32K1xx/clock_S32K1xx.o
 .text.CLOCK_SYS_GetFircFreq
                0x00000880       0x20 ./SDK/platform/drivers/src/clock/S32K1xx/clock_S32K1xx.o
 .text.CLOCK_SYS_ConfigureFIRC
                0x000008a0       0xb4 ./SDK/platform/drivers/src/clock/S32K1xx/clock_S32K1xx.o
 .text.CLOCK_SYS_GetSysPllFreq
                0x00000954       0x44 ./SDK/platform/drivers/src/clock/S32K1xx/clock_S32K1xx.o
 .text.CLOCK_SYS_ConfigureSPLL
                0x00000998      0x104 ./SDK/platform/drivers/src/clock/S32K1xx/clock_S32K1xx.o
 .text.CLOCK_SYS_SetSystemClockConfig
                0x00000a9c      0x1e4 ./SDK/platform/drivers/src/clock/S32K1xx/clock_S32K1xx.o
 .text.CLOCK_SYS_TransitionSystemClock
                0x00000c80       0x3c ./SDK/platform/drivers/src/clock/S32K1xx/clock_S32K1xx.o
 .text.CLOCK_DRV_Init
                0x00000cbc      0x598 ./SDK/platform/drivers/src/clock/S32K1xx/clock_S32K1xx.o
                0x00000cbc                CLOCK_DRV_Init
 .text.FLASH_DRV_Init
                0x00001254       0xcc ./SDK/platform/drivers/src/flash/flash_driver.o
                0x00001254                FLASH_DRV_Init
 .text.FLASH_DRV_EraseSector
                0x00001320       0x98 ./SDK/platform/drivers/src/flash/flash_driver.o
                0x00001320                FLASH_DRV_EraseSector
 .text.FLASH_DRV_Program
                0x000013b8       0xb8 ./SDK/platform/drivers/src/flash/flash_driver.o
                0x000013b8                FLASH_DRV_Program
 .text.INT_SYS_EnableIRQGlobal
                0x00001470       0x1c ./SDK/platform/drivers/src/interrupt/interrupt_manager.o
                0x00001470                INT_SYS_EnableIRQGlobal
 .text.INT_SYS_DisableIRQGlobal
                0x0000148c       0x10 ./SDK/platform/drivers/src/interrupt/interrupt_manager.o
                0x0000148c                INT_SYS_DisableIRQGlobal
 .text.Flash_Erase_Sector
                0x0000149c       0x38 ./Sources/FlashWriteRead.o
                0x0000149c                Flash_Erase_Sector
 .text.Flash_Write_Data
                0x000014d4       0x3c ./Sources/FlashWriteRead.o
                0x000014d4                Flash_Write_Data
 .text.Flash_Size_Calc
                0x00001510       0x12 ./Sources/FlashWriteRead.o
                0x00001510                Flash_Size_Calc
 *fill*         0x00001522        0x2 
 .text.LPUART1_init
                0x00001524       0x74 ./Sources/LPUART.o
                0x00001524                LPUART1_init
 .text.LPUART1_transmit_char
                0x00001598       0x18 ./Sources/LPUART.o
                0x00001598                LPUART1_transmit_char
 .text.LPUART1_transmit_string
                0x000015b0       0x1c ./Sources/LPUART.o
                0x000015b0                LPUART1_transmit_string
 .text.LPUART1_printf
                0x000015cc       0x2c ./Sources/LPUART.o
                0x000015cc                LPUART1_printf
 .text.LPUART1_RxTx_IRQHandler
                0x000015f8       0x98 ./Sources/LPUART.o
                0x000015f8                LPUART1_RxTx_IRQHandler
 .text.RGB_LED_KEY_init
                0x00001690       0x88 ./Sources/RGB_LED.o
                0x00001690                RGB_LED_KEY_init
 .text.SW2_key  0x00001718       0x10 ./Sources/RGB_LED.o
                0x00001718                SW2_key
 .text.SW3_key  0x00001728       0x10 ./Sources/RGB_LED.o
                0x00001728                SW3_key
 .text.Ym_Cmd_Process
                0x00001738       0x8c ./Sources/Ymodem.o
 .text.Clear_YM
                0x000017c4       0x2a ./Sources/Ymodem.o
                0x000017c4                Clear_YM
 .text.crc16    0x000017ee       0x44 ./Sources/Ymodem.o
                0x000017ee                crc16
 *fill*         0x00001832        0x2 
 .text.Receive_Packet
                0x00001834      0x110 ./Sources/Ymodem.o
                0x00001834                Receive_Packet
 .text.Ymodem_Receive_File
                0x00001944      0x2c4 ./Sources/Ymodem.o
                0x00001944                Ymodem_Receive_File
 .text.systick_later_init
                0x00001c08       0x20 ./Sources/latency.o
                0x00001c08                systick_later_init
 .text.later_us
                0x00001c28       0x28 ./Sources/latency.o
                0x00001c28                later_us
 .text.later_ms
                0x00001c50       0x22 ./Sources/latency.o
                0x00001c50                later_ms
 *fill*         0x00001c72        0x2 
 .text.Boot_to_App
                0x00001c74       0x34 ./Sources/main.o
                0x00001c74                Boot_to_App
 .text.main     0x00001ca8       0xcc ./Sources/main.o
                0x00001ca8                main
 .text.malloc   0x00001d74       0x10 E:/NXP/S32DS_ARM_v2.2/S32DS/build_tools/gcc_v6.3/gcc-6.3-arm32-eabi/arm-none-eabi/newlib/lib/thumb/v7e-m/fpv4-sp/hard\libc_nano.a(lib_a-malloc.o)
                0x00001d74                malloc
 .text.free     0x00001d84       0x10 E:/NXP/S32DS_ARM_v2.2/S32DS/build_tools/gcc_v6.3/gcc-6.3-arm32-eabi/arm-none-eabi/newlib/lib/thumb/v7e-m/fpv4-sp/hard\libc_nano.a(lib_a-malloc.o)
                0x00001d84                free
 .text.memcpy   0x00001d94       0x16 E:/NXP/S32DS_ARM_v2.2/S32DS/build_tools/gcc_v6.3/gcc-6.3-arm32-eabi/arm-none-eabi/newlib/lib/thumb/v7e-m/fpv4-sp/hard\libc_nano.a(lib_a-memcpy-stub.o)
                0x00001d94                memcpy
 .text.memset   0x00001daa       0x10 E:/NXP/S32DS_ARM_v2.2/S32DS/build_tools/gcc_v6.3/gcc-6.3-arm32-eabi/arm-none-eabi/newlib/lib/thumb/v7e-m/fpv4-sp/hard\libc_nano.a(lib_a-memset.o)
                0x00001daa                memset
 *fill*         0x00001dba        0x2 
 .text._free_r  0x00001dbc       0x9c E:/NXP/S32DS_ARM_v2.2/S32DS/build_tools/gcc_v6.3/gcc-6.3-arm32-eabi/arm-none-eabi/newlib/lib/thumb/v7e-m/fpv4-sp/hard\libc_nano.a(lib_a-nano-freer.o)
                0x00001dbc                _free_r
 .text._malloc_r
                0x00001e58       0xbc E:/NXP/S32DS_ARM_v2.2/S32DS/build_tools/gcc_v6.3/gcc-6.3-arm32-eabi/arm-none-eabi/newlib/lib/thumb/v7e-m/fpv4-sp/hard\libc_nano.a(lib_a-nano-mallocr.o)
                0x00001e58                _malloc_r
 .text._sbrk_r  0x00001f14       0x20 E:/NXP/S32DS_ARM_v2.2/S32DS/build_tools/gcc_v6.3/gcc-6.3-arm32-eabi/arm-none-eabi/newlib/lib/thumb/v7e-m/fpv4-sp/hard\libc_nano.a(lib_a-sbrkr.o)
                0x00001f14                _sbrk_r
 .text._vsprintf_r
                0x00001f34       0x30 E:/NXP/S32DS_ARM_v2.2/S32DS/build_tools/gcc_v6.3/gcc-6.3-arm32-eabi/arm-none-eabi/newlib/lib/thumb/v7e-m/fpv4-sp/hard\libc_nano.a(lib_a-vsprintf.o)
                0x00001f34                _vsprintf_r
                0x00001f34                _vsiprintf_r
 .text.vsprintf
                0x00001f64       0x14 E:/NXP/S32DS_ARM_v2.2/S32DS/build_tools/gcc_v6.3/gcc-6.3-arm32-eabi/arm-none-eabi/newlib/lib/thumb/v7e-m/fpv4-sp/hard\libc_nano.a(lib_a-vsprintf.o)
                0x00001f64                vsiprintf
                0x00001f64                vsprintf
 .text.__malloc_lock
                0x00001f78        0x2 E:/NXP/S32DS_ARM_v2.2/S32DS/build_tools/gcc_v6.3/gcc-6.3-arm32-eabi/arm-none-eabi/newlib/lib/thumb/v7e-m/fpv4-sp/hard\libc_nano.a(lib_a-mlock.o)
                0x00001f78                __malloc_lock
 .text.__malloc_unlock
                0x00001f7a        0x2 E:/NXP/S32DS_ARM_v2.2/S32DS/build_tools/gcc_v6.3/gcc-6.3-arm32-eabi/arm-none-eabi/newlib/lib/thumb/v7e-m/fpv4-sp/hard\libc_nano.a(lib_a-mlock.o)
                0x00001f7a                __malloc_unlock
 .text.__ssputs_r
                0x00001f7c       0xb6 E:/NXP/S32DS_ARM_v2.2/S32DS/build_tools/gcc_v6.3/gcc-6.3-arm32-eabi/arm-none-eabi/newlib/lib/thumb/v7e-m/fpv4-sp/hard\libc_nano.a(lib_a-nano-svfprintf.o)
                0x00001f7c                __ssputs_r
 *fill*         0x00002032        0x2 
 .text._svfprintf_r
                0x00002034      0x1e8 E:/NXP/S32DS_ARM_v2.2/S32DS/build_tools/gcc_v6.3/gcc-6.3-arm32-eabi/arm-none-eabi/newlib/lib/thumb/v7e-m/fpv4-sp/hard\libc_nano.a(lib_a-nano-svfprintf.o)
                0x00002034                _svfiprintf_r
                0x00002034                _svfprintf_r
 .text._printf_common
                0x0000221c       0xec E:/NXP/S32DS_ARM_v2.2/S32DS/build_tools/gcc_v6.3/gcc-6.3-arm32-eabi/arm-none-eabi/newlib/lib/thumb/v7e-m/fpv4-sp/hard\libc_nano.a(lib_a-nano-vfprintf_i.o)
                0x0000221c                _printf_common
 .text._printf_i
                0x00002308      0x240 E:/NXP/S32DS_ARM_v2.2/S32DS/build_tools/gcc_v6.3/gcc-6.3-arm32-eabi/arm-none-eabi/newlib/lib/thumb/v7e-m/fpv4-sp/hard\libc_nano.a(lib_a-nano-vfprintf_i.o)
                0x00002308                _printf_i
 .text.memmove  0x00002548       0x34 E:/NXP/S32DS_ARM_v2.2/S32DS/build_tools/gcc_v6.3/gcc-6.3-arm32-eabi/arm-none-eabi/newlib/lib/thumb/v7e-m/fpv4-sp/hard\libc_nano.a(lib_a-memmove.o)
                0x00002548                memmove
 .text._realloc_r
                0x0000257c       0x4c E:/NXP/S32DS_ARM_v2.2/S32DS/build_tools/gcc_v6.3/gcc-6.3-arm32-eabi/arm-none-eabi/newlib/lib/thumb/v7e-m/fpv4-sp/hard\libc_nano.a(lib_a-nano-reallocr.o)
                0x0000257c                _realloc_r
 .text._malloc_usable_size_r
                0x000025c8       0x12 E:/NXP/S32DS_ARM_v2.2/S32DS/build_tools/gcc_v6.3/gcc-6.3-arm32-eabi/arm-none-eabi/newlib/lib/thumb/v7e-m/fpv4-sp/hard\libc_nano.a(lib_a-nano-msizer.o)
                0x000025c8                _malloc_usable_size_r
 *fill*         0x000025da        0x2 
 .text._sbrk    0x000025dc       0x1c E:/NXP/S32DS_ARM_v2.2/S32DS/build_tools/gcc_v6.3/gcc-6.3-arm32-eabi/arm-none-eabi/newlib/lib/thumb/v7e-m/fpv4-sp/hard\libnosys.a(sbrk.o)
                0x000025dc                _sbrk
 *(.rodata)
 *(.rodata*)
 .rodata.Flash1_InitConfig0
                0x000025f8       0x14 ./Generated_Code/Flash1.o
                0x000025f8                Flash1_InitConfig0
 .rodata.clockNameMappings
                0x0000260c       0x9e ./SDK/platform/drivers/src/clock/S32K1xx/clock_S32K1xx.o
                0x0000260c                clockNameMappings
 *fill*         0x000026aa        0x2 
 .rodata.maxSysClksInHSRUN.7598
                0x000026ac       0x54 ./SDK/platform/drivers/src/clock/S32K1xx/clock_S32K1xx.o
 .rodata.maxSysClksInRUN.7597
                0x00002700       0x54 ./SDK/platform/drivers/src/clock/S32K1xx/clock_S32K1xx.o
 .rodata.maxSysClksInVLPR.7596
                0x00002754       0x54 ./SDK/platform/drivers/src/clock/S32K1xx/clock_S32K1xx.o
 .rodata.Flash_Erase_Sector.str1.4
                0x000027a8       0x1f ./Sources/FlashWriteRead.o
 *fill*         0x000027c7        0x1 
 .rodata.Flash_Write_Data.str1.4
                0x000027c8       0x1f ./Sources/FlashWriteRead.o
 *fill*         0x000027e7        0x1 
 .rodata.Receive_Packet.str1.4
                0x000027e8       0x1c ./Sources/Ymodem.o
 .rodata.Ym_Cmd_Process.str1.4
                0x00002804       0x49 ./Sources/Ymodem.o
 *fill*         0x0000284d        0x3 
 .rodata.Ymodem_Receive_File.str1.4
                0x00002850       0x7e ./Sources/Ymodem.o
 *fill*         0x000028ce        0x2 
 .rodata.main.str1.4
                0x000028d0       0x70 ./Sources/main.o
                                 0x6e (size before relaxing)
 .rodata._svfprintf_r.str1.1
                0x00002940       0x11 E:/NXP/S32DS_ARM_v2.2/S32DS/build_tools/gcc_v6.3/gcc-6.3-arm32-eabi/arm-none-eabi/newlib/lib/thumb/v7e-m/fpv4-sp/hard\libc_nano.a(lib_a-nano-svfprintf.o)
 .rodata._printf_i.str1.1
                0x00002951       0x22 E:/NXP/S32DS_ARM_v2.2/S32DS/build_tools/gcc_v6.3/gcc-6.3-arm32-eabi/arm-none-eabi/newlib/lib/thumb/v7e-m/fpv4-sp/hard\libc_nano.a(lib_a-nano-vfprintf_i.o)
 *(.init)
 *fill*         0x00002973        0x1 
 .init          0x00002974        0x4 e:/nxp/s32ds_arm_v2.2/s32ds/build_tools/gcc_v6.3/gcc-6.3-arm32-eabi/bin/../lib/gcc/arm-none-eabi/6.3.1/thumb/v7e-m/fpv4-sp/hard/crti.o
                0x00002974                _init
 *(.fini)
 .fini          0x00002978        0x4 e:/nxp/s32ds_arm_v2.2/s32ds/build_tools/gcc_v6.3/gcc-6.3-arm32-eabi/bin/../lib/gcc/arm-none-eabi/6.3.1/thumb/v7e-m/fpv4-sp/hard/crti.o
                0x00002978                _fini
 *fill*         0x0000297c        0x4 
 .fini.__stub   0x00002980        0x8 linker stubs
 *(.eh_frame)
                0x00002988                . = ALIGN (0x4)

.glue_7         0x00002988        0x0
 .glue_7        0x00002988        0x0 linker stubs

.glue_7t        0x00002988        0x0
 .glue_7t       0x00002988        0x0 linker stubs

.vfp11_veneer   0x00002988        0x0
 .vfp11_veneer  0x00002988        0x0 linker stubs

.v4_bx          0x00002988        0x0
 .v4_bx         0x00002988        0x0 linker stubs

.iplt           0x00002988        0x0
 .iplt          0x00002988        0x0 e:/nxp/s32ds_arm_v2.2/s32ds/build_tools/gcc_v6.3/gcc-6.3-arm32-eabi/bin/../lib/gcc/arm-none-eabi/6.3.1/thumb/v7e-m/fpv4-sp/hard/crtbegin.o

.ARM            0x00002988        0x0
                0x00002988                __exidx_start = .
 *(.ARM.exidx*)
                0x00002988                __exidx_end = .
                0x00002988                __etext = .
                0x00002988                __DATA_ROM = .

.interrupts_ram
                0x1fff8000      0x400
                0x1fff8000                . = ALIGN (0x4)
                0x1fff8000                __VECTOR_RAM__ = .
                0x1fff8000                __RAM_START = .
                0x1fff8000                __interrupts_ram_start__ = .
 *(.m_interrupts_ram)
                0x1fff8400                . = (. + M_VECTOR_RAM_SIZE)
 *fill*         0x1fff8000      0x400 
                0x1fff8400                . = ALIGN (0x4)
                0x1fff8400                __interrupts_ram_end__ = .
                0x1fff8000                __VECTOR_RAM = DEFINED (__flash_vector_table__)?ORIGIN (m_interrupts):__VECTOR_RAM__
                0x00000400                __RAM_VECTOR_TABLE_SIZE = DEFINED (__flash_vector_table__)?0x0:(__interrupts_ram_end__ - __interrupts_ram_start__)

.data           0x1fff8400      0x1a0 load address 0x00002988
                0x1fff8400                . = ALIGN (0x4)
                0x1fff8400                __DATA_RAM = .
                0x1fff8400                __data_start__ = .
 *(.data)
 *(.data*)
 .data.clockMan1_InitConfig0
                0x1fff8400       0x78 ./Generated_Code/clockMan1.o
                0x1fff8400                clockMan1_InitConfig0
 .data.peripheralClockConfig0
                0x1fff8478       0x19 ./Generated_Code/clockMan1.o
                0x1fff8478                peripheralClockConfig0
 *fill*         0x1fff8491        0x3 
 .data.peripheralClockConfig.7360
                0x1fff8494       0xa0 ./SDK/platform/drivers/src/clock/S32K1xx/clock_S32K1xx.o
 .data.bits_remain
                0x1fff8534        0x4 ./Sources/Ymodem.o
                0x1fff8534                bits_remain
 .data.packets_index
                0x1fff8538        0x4 ./Sources/Ymodem.o
                0x1fff8538                packets_index
 .data._impure_ptr
                0x1fff853c        0x4 E:/NXP/S32DS_ARM_v2.2/S32DS/build_tools/gcc_v6.3/gcc-6.3-arm32-eabi/arm-none-eabi/newlib/lib/thumb/v7e-m/fpv4-sp/hard\libc_nano.a(lib_a-impure.o)
                0x1fff853c                _impure_ptr
 .data.impure_data
                0x1fff8540       0x60 E:/NXP/S32DS_ARM_v2.2/S32DS/build_tools/gcc_v6.3/gcc-6.3-arm32-eabi/arm-none-eabi/newlib/lib/thumb/v7e-m/fpv4-sp/hard\libc_nano.a(lib_a-impure.o)
                0x1fff85a0                . = ALIGN (0x4)
                0x1fff85a0                __data_end__ = .
                0x00002b28                __DATA_END = (__DATA_ROM + (__data_end__ - __data_start__))
                0x00002b28                __CODE_ROM = __DATA_END

.igot.plt       0x1fff85a0        0x0 load address 0x00002b28
 .igot.plt      0x1fff85a0        0x0 e:/nxp/s32ds_arm_v2.2/s32ds/build_tools/gcc_v6.3/gcc-6.3-arm32-eabi/bin/../lib/gcc/arm-none-eabi/6.3.1/thumb/v7e-m/fpv4-sp/hard/crtbegin.o

.code           0x1fff85a0       0x38 load address 0x00002b28
                0x1fff85a0                . = ALIGN (0x4)
                0x1fff85a0                __CODE_RAM = .
                0x1fff85a0                __code_start__ = .
                0x1fff85a0                __code_ram_start__ = .
 *(.code_ram)
 .code_ram      0x1fff85a0       0x38 ./SDK/platform/drivers/src/flash/flash_driver.o
                0x1fff85d8                . = ALIGN (0x4)
                0x1fff85d8                __code_end__ = .
                0x1fff85d8                __code_ram_end__ = .
                0x00002b60                __CODE_END = (__CODE_ROM + (__code_end__ - __code_start__))
                0x00002b60                __CUSTOM_ROM = __CODE_END

.rel.dyn        0x1fff85d8        0x0 load address 0x00002b60
 .rel.iplt      0x1fff85d8        0x0 e:/nxp/s32ds_arm_v2.2/s32ds/build_tools/gcc_v6.3/gcc-6.3-arm32-eabi/bin/../lib/gcc/arm-none-eabi/6.3.1/thumb/v7e-m/fpv4-sp/hard/crtbegin.o

.customSectionBlock
                0x20000000        0x0 load address 0x00002b60
                0x20000000                __customSection_start__ = .
 *(.customSection)
                0x20000000                __customSection_end__ = .
                0x00002b60                __CUSTOM_END = (__CUSTOM_ROM + (__customSection_end__ - __customSection_start__))
                0x00002b60                __rom_end = __CUSTOM_END

.bss            0x20000000      0x5a8
                0x20000000                . = ALIGN (0x4)
                0x20000000                __BSS_START = .
                0x20000000                __bss_start__ = .
 *(.bss)
 *(.bss*)
 .bss.g_RtcClkInFreq
                0x20000000        0x4 ./SDK/platform/drivers/src/clock/S32K1xx/clock_S32K1xx.o
                0x20000000                g_RtcClkInFreq
 .bss.g_TClkFreq
                0x20000004        0xc ./SDK/platform/drivers/src/clock/S32K1xx/clock_S32K1xx.o
                0x20000004                g_TClkFreq
 .bss.g_xtal0ClkFreq
                0x20000010        0x4 ./SDK/platform/drivers/src/clock/S32K1xx/clock_S32K1xx.o
                0x20000010                g_xtal0ClkFreq
 .bss.g_interruptDisableCount
                0x20000014        0x4 ./SDK/platform/drivers/src/interrupt/interrupt_manager.o
 .bss.flashConfig
                0x20000018       0x1c ./Sources/FlashWriteRead.o
                0x20000018                flashConfig
 .bss.LPUART1_TX_BUF
                0x20000034       0xc8 ./Sources/LPUART.o
                0x20000034                LPUART1_TX_BUF
 .bss.data_c    0x200000fc        0x1 ./Sources/LPUART.o
                0x200000fc                data_c
 *fill*         0x200000fd        0x3 
 .bss.receivebuff
                0x20000100      0x405 ./Sources/LPUART.o
                0x20000100                receivebuff
 *fill*         0x20000505        0x3 
 .bss.rev_i     0x20000508        0x4 ./Sources/LPUART.o
                0x20000508                rev_i
 .bss.Erase_Pages
                0x2000050c        0x4 ./Sources/Ymodem.o
                0x2000050c                Erase_Pages
 .bss.file_name
                0x20000510       0x78 ./Sources/Ymodem.o
                0x20000510                file_name
 .bss.file_size
                0x20000588        0x8 ./Sources/Ymodem.o
                0x20000588                file_size
 .bss.jump_to_application.7706
                0x20000590        0x4 ./Sources/main.o
 .bss.stack_pointer.7707
                0x20000594        0x4 ./Sources/main.o
 .bss.__malloc_free_list
                0x20000598        0x4 E:/NXP/S32DS_ARM_v2.2/S32DS/build_tools/gcc_v6.3/gcc-6.3-arm32-eabi/arm-none-eabi/newlib/lib/thumb/v7e-m/fpv4-sp/hard\libc_nano.a(lib_a-nano-mallocr.o)
                0x20000598                __malloc_free_list
 .bss.__malloc_sbrk_start
                0x2000059c        0x4 E:/NXP/S32DS_ARM_v2.2/S32DS/build_tools/gcc_v6.3/gcc-6.3-arm32-eabi/arm-none-eabi/newlib/lib/thumb/v7e-m/fpv4-sp/hard\libc_nano.a(lib_a-nano-mallocr.o)
                0x2000059c                __malloc_sbrk_start
 .bss.heap_end.5365
                0x200005a0        0x4 E:/NXP/S32DS_ARM_v2.2/S32DS/build_tools/gcc_v6.3/gcc-6.3-arm32-eabi/arm-none-eabi/newlib/lib/thumb/v7e-m/fpv4-sp/hard\libnosys.a(sbrk.o)
 *(COMMON)
 COMMON         0x200005a4        0x4 E:/NXP/S32DS_ARM_v2.2/S32DS/build_tools/gcc_v6.3/gcc-6.3-arm32-eabi/arm-none-eabi/newlib/lib/thumb/v7e-m/fpv4-sp/hard\libc_nano.a(lib_a-reent.o)
                0x200005a4                errno
                0x200005a8                . = ALIGN (0x4)
                0x200005a8                __bss_end__ = .
                0x200005a8                __BSS_END = .

.heap           0x200005a8      0x400
                0x200005a8                . = ALIGN (0x8)
                0x200005a8                __end__ = .
                0x200005a8                __heap_start__ = .
                0x200005a8                PROVIDE (end, .)
                [!provide]                PROVIDE (_end, .)
                [!provide]                PROVIDE (__end, .)
                0x200005a8                __HeapBase = .
                0x200009a8                . = (. + HEAP_SIZE)
 *fill*         0x200005a8      0x400 
                0x200009a8                __HeapLimit = .
                0x200009a8                __heap_limit = .
                0x200009a8                __heap_end__ = .
                0x20007000                __StackTop = (ORIGIN (m_data_2) + LENGTH (m_data_2))
                0x20006c00                __StackLimit = (__StackTop - STACK_SIZE)
                0x20007000                PROVIDE (__stack, __StackTop)
                0x20007000                __RAM_END = __StackTop

.stack          0x20006c00      0x400
                0x20006c00                . = ALIGN (0x8)
                0x20006c00                __stack_start__ = .
                0x20007000                . = (. + STACK_SIZE)
 *fill*         0x20006c00      0x400 
                0x20007000                __stack_end__ = .

.ARM.attributes
                0x00000000       0x30
 *(.ARM.attributes)
 .ARM.attributes
                0x00000000       0x22 e:/nxp/s32ds_arm_v2.2/s32ds/build_tools/gcc_v6.3/gcc-6.3-arm32-eabi/bin/../lib/gcc/arm-none-eabi/6.3.1/thumb/v7e-m/fpv4-sp/hard/crti.o
 .ARM.attributes
                0x00000022       0x39 ./Generated_Code/Flash1.o
 .ARM.attributes
                0x0000005b       0x39 ./Generated_Code/clockMan1.o
 .ARM.attributes
                0x00000094       0x1f ./Project_Settings/Startup_Code/startup_S32K144.o
 .ARM.attributes
                0x000000b3       0x39 ./SDK/platform/devices/S32K144/startup/system_S32K144.o
 .ARM.attributes
                0x000000ec       0x39 ./SDK/platform/devices/startup.o
 .ARM.attributes
                0x00000125       0x39 ./SDK/platform/drivers/src/clock/S32K1xx/clock_S32K1xx.o
 .ARM.attributes
                0x0000015e       0x39 ./SDK/platform/drivers/src/flash/flash_driver.o
 .ARM.attributes
                0x00000197       0x39 ./SDK/platform/drivers/src/interrupt/interrupt_manager.o
 .ARM.attributes
                0x000001d0       0x39 ./Sources/FlashWriteRead.o
 .ARM.attributes
                0x00000209       0x39 ./Sources/LPUART.o
 .ARM.attributes
                0x00000242       0x39 ./Sources/RGB_LED.o
 .ARM.attributes
                0x0000027b       0x39 ./Sources/Ymodem.o
 .ARM.attributes
                0x000002b4       0x39 ./Sources/latency.o
 .ARM.attributes
                0x000002ed       0x39 ./Sources/main.o
 .ARM.attributes
                0x00000326       0x34 E:/NXP/S32DS_ARM_v2.2/S32DS/build_tools/gcc_v6.3/gcc-6.3-arm32-eabi/arm-none-eabi/newlib/lib/thumb/v7e-m/fpv4-sp/hard\libc_nano.a(lib_a-impure.o)
 .ARM.attributes
                0x0000035a       0x34 E:/NXP/S32DS_ARM_v2.2/S32DS/build_tools/gcc_v6.3/gcc-6.3-arm32-eabi/arm-none-eabi/newlib/lib/thumb/v7e-m/fpv4-sp/hard\libc_nano.a(lib_a-malloc.o)
 .ARM.attributes
                0x0000038e       0x34 E:/NXP/S32DS_ARM_v2.2/S32DS/build_tools/gcc_v6.3/gcc-6.3-arm32-eabi/arm-none-eabi/newlib/lib/thumb/v7e-m/fpv4-sp/hard\libc_nano.a(lib_a-memcpy-stub.o)
 .ARM.attributes
                0x000003c2       0x34 E:/NXP/S32DS_ARM_v2.2/S32DS/build_tools/gcc_v6.3/gcc-6.3-arm32-eabi/arm-none-eabi/newlib/lib/thumb/v7e-m/fpv4-sp/hard\libc_nano.a(lib_a-memset.o)
 .ARM.attributes
                0x000003f6       0x34 E:/NXP/S32DS_ARM_v2.2/S32DS/build_tools/gcc_v6.3/gcc-6.3-arm32-eabi/arm-none-eabi/newlib/lib/thumb/v7e-m/fpv4-sp/hard\libc_nano.a(lib_a-nano-freer.o)
 .ARM.attributes
                0x0000042a       0x34 E:/NXP/S32DS_ARM_v2.2/S32DS/build_tools/gcc_v6.3/gcc-6.3-arm32-eabi/arm-none-eabi/newlib/lib/thumb/v7e-m/fpv4-sp/hard\libc_nano.a(lib_a-nano-mallocr.o)
 .ARM.attributes
                0x0000045e       0x34 E:/NXP/S32DS_ARM_v2.2/S32DS/build_tools/gcc_v6.3/gcc-6.3-arm32-eabi/arm-none-eabi/newlib/lib/thumb/v7e-m/fpv4-sp/hard\libc_nano.a(lib_a-sbrkr.o)
 .ARM.attributes
                0x00000492       0x1b E:/NXP/S32DS_ARM_v2.2/S32DS/build_tools/gcc_v6.3/gcc-6.3-arm32-eabi/arm-none-eabi/newlib/lib/thumb/v7e-m/fpv4-sp/hard\libc_nano.a(lib_a-strlen.o)
 .ARM.attributes
                0x000004ad       0x34 E:/NXP/S32DS_ARM_v2.2/S32DS/build_tools/gcc_v6.3/gcc-6.3-arm32-eabi/arm-none-eabi/newlib/lib/thumb/v7e-m/fpv4-sp/hard\libc_nano.a(lib_a-vsprintf.o)
 .ARM.attributes
                0x000004e1       0x34 E:/NXP/S32DS_ARM_v2.2/S32DS/build_tools/gcc_v6.3/gcc-6.3-arm32-eabi/arm-none-eabi/newlib/lib/thumb/v7e-m/fpv4-sp/hard\libc_nano.a(lib_a-mlock.o)
 .ARM.attributes
                0x00000515       0x34 E:/NXP/S32DS_ARM_v2.2/S32DS/build_tools/gcc_v6.3/gcc-6.3-arm32-eabi/arm-none-eabi/newlib/lib/thumb/v7e-m/fpv4-sp/hard\libc_nano.a(lib_a-nano-svfprintf.o)
 .ARM.attributes
                0x00000549       0x34 E:/NXP/S32DS_ARM_v2.2/S32DS/build_tools/gcc_v6.3/gcc-6.3-arm32-eabi/arm-none-eabi/newlib/lib/thumb/v7e-m/fpv4-sp/hard\libc_nano.a(lib_a-nano-vfprintf_i.o)
 .ARM.attributes
                0x0000057d       0x34 E:/NXP/S32DS_ARM_v2.2/S32DS/build_tools/gcc_v6.3/gcc-6.3-arm32-eabi/arm-none-eabi/newlib/lib/thumb/v7e-m/fpv4-sp/hard\libc_nano.a(lib_a-reent.o)
 .ARM.attributes
                0x000005b1       0x20 E:/NXP/S32DS_ARM_v2.2/S32DS/build_tools/gcc_v6.3/gcc-6.3-arm32-eabi/arm-none-eabi/newlib/lib/thumb/v7e-m/fpv4-sp/hard\libc_nano.a(lib_a-memchr.o)
 .ARM.attributes
                0x000005d1       0x34 E:/NXP/S32DS_ARM_v2.2/S32DS/build_tools/gcc_v6.3/gcc-6.3-arm32-eabi/arm-none-eabi/newlib/lib/thumb/v7e-m/fpv4-sp/hard\libc_nano.a(lib_a-memmove.o)
 .ARM.attributes
                0x00000605       0x34 E:/NXP/S32DS_ARM_v2.2/S32DS/build_tools/gcc_v6.3/gcc-6.3-arm32-eabi/arm-none-eabi/newlib/lib/thumb/v7e-m/fpv4-sp/hard\libc_nano.a(lib_a-nano-reallocr.o)
 .ARM.attributes
                0x00000639       0x34 E:/NXP/S32DS_ARM_v2.2/S32DS/build_tools/gcc_v6.3/gcc-6.3-arm32-eabi/arm-none-eabi/newlib/lib/thumb/v7e-m/fpv4-sp/hard\libc_nano.a(lib_a-nano-msizer.o)
 .ARM.attributes
                0x0000066d       0x34 E:/NXP/S32DS_ARM_v2.2/S32DS/build_tools/gcc_v6.3/gcc-6.3-arm32-eabi/arm-none-eabi/newlib/lib/thumb/v7e-m/fpv4-sp/hard\libnosys.a(sbrk.o)
                0x00000001                ASSERT ((__rom_end <= (ORIGIN (m_text) + LENGTH (m_text))), Region m_text overflowed!)
                0x00000001                ASSERT ((__StackLimit >= __HeapLimit), region m_data_2 overflowed with stack and heap)
OUTPUT(Bootloader.elf elf32-littlearm)

.debug_info     0x00000000    0x12d18
 .debug_info    0x00000000     0x11de ./Generated_Code/Flash1.o
 .debug_info    0x000011de     0x1313 ./Generated_Code/clockMan1.o
 .debug_info    0x000024f1       0x26 ./Project_Settings/Startup_Code/startup_S32K144.o
 .debug_info    0x00002517      0x521 ./SDK/platform/devices/S32K144/startup/system_S32K144.o
 .debug_info    0x00002a38      0x2ad ./SDK/platform/devices/startup.o
 .debug_info    0x00002ce5     0x5ae6 ./SDK/platform/drivers/src/clock/S32K1xx/clock_S32K1xx.o
 .debug_info    0x000087cb     0x188f ./SDK/platform/drivers/src/flash/flash_driver.o
 .debug_info    0x0000a05a      0x997 ./SDK/platform/drivers/src/interrupt/interrupt_manager.o
 .debug_info    0x0000a9f1     0x16bc ./Sources/FlashWriteRead.o
 .debug_info    0x0000c0ad     0x22e6 ./Sources/LPUART.o
 .debug_info    0x0000e393      0x2a2 ./Sources/RGB_LED.o
 .debug_info    0x0000e635     0x2553 ./Sources/Ymodem.o
 .debug_info    0x00010b88      0x22e ./Sources/latency.o
 .debug_info    0x00010db6     0x1f62 ./Sources/main.o

.debug_abbrev   0x00000000     0x19fc
 .debug_abbrev  0x00000000      0x11c ./Generated_Code/Flash1.o
 .debug_abbrev  0x0000011c      0x129 ./Generated_Code/clockMan1.o
 .debug_abbrev  0x00000245       0x14 ./Project_Settings/Startup_Code/startup_S32K144.o
 .debug_abbrev  0x00000259      0x140 ./SDK/platform/devices/S32K144/startup/system_S32K144.o
 .debug_abbrev  0x00000399       0xe0 ./SDK/platform/devices/startup.o
 .debug_abbrev  0x00000479      0x3e3 ./SDK/platform/drivers/src/clock/S32K1xx/clock_S32K1xx.o
 .debug_abbrev  0x0000085c      0x2bf ./SDK/platform/drivers/src/flash/flash_driver.o
 .debug_abbrev  0x00000b1b      0x1f4 ./SDK/platform/drivers/src/interrupt/interrupt_manager.o
 .debug_abbrev  0x00000d0f      0x1f3 ./Sources/FlashWriteRead.o
 .debug_abbrev  0x00000f02      0x346 ./Sources/LPUART.o
 .debug_abbrev  0x00001248       0xce ./Sources/RGB_LED.o
 .debug_abbrev  0x00001316      0x32b ./Sources/Ymodem.o
 .debug_abbrev  0x00001641      0x12f ./Sources/latency.o
 .debug_abbrev  0x00001770      0x28c ./Sources/main.o

.debug_aranges  0x00000000      0x4e0
 .debug_aranges
                0x00000000       0x18 ./Generated_Code/Flash1.o
 .debug_aranges
                0x00000018       0x18 ./Generated_Code/clockMan1.o
 .debug_aranges
                0x00000030       0x20 ./Project_Settings/Startup_Code/startup_S32K144.o
 .debug_aranges
                0x00000050       0x30 ./SDK/platform/devices/S32K144/startup/system_S32K144.o
 .debug_aranges
                0x00000080       0x20 ./SDK/platform/devices/startup.o
 .debug_aranges
                0x000000a0      0x120 ./SDK/platform/drivers/src/clock/S32K1xx/clock_S32K1xx.o
 .debug_aranges
                0x000001c0      0x130 ./SDK/platform/drivers/src/flash/flash_driver.o
 .debug_aranges
                0x000002f0       0x70 ./SDK/platform/drivers/src/interrupt/interrupt_manager.o
 .debug_aranges
                0x00000360       0x40 ./Sources/FlashWriteRead.o
 .debug_aranges
                0x000003a0       0x50 ./Sources/LPUART.o
 .debug_aranges
                0x000003f0       0x48 ./Sources/RGB_LED.o
 .debug_aranges
                0x00000438       0x40 ./Sources/Ymodem.o
 .debug_aranges
                0x00000478       0x40 ./Sources/latency.o
 .debug_aranges
                0x000004b8       0x28 ./Sources/main.o

.debug_line     0x00000000     0x3f11
 .debug_line    0x00000000      0x326 ./Generated_Code/Flash1.o
 .debug_line    0x00000326      0x329 ./Generated_Code/clockMan1.o
 .debug_line    0x0000064f       0x82 ./Project_Settings/Startup_Code/startup_S32K144.o
 .debug_line    0x000006d1      0x203 ./SDK/platform/devices/S32K144/startup/system_S32K144.o
 .debug_line    0x000008d4      0x177 ./SDK/platform/devices/startup.o
 .debug_line    0x00000a4b     0x110d ./SDK/platform/drivers/src/clock/S32K1xx/clock_S32K1xx.o
 .debug_line    0x00001b58      0x7c9 ./SDK/platform/drivers/src/flash/flash_driver.o
 .debug_line    0x00002321      0x36e ./SDK/platform/drivers/src/interrupt/interrupt_manager.o
 .debug_line    0x0000268f      0x434 ./Sources/FlashWriteRead.o
 .debug_line    0x00002ac3      0x58e ./Sources/LPUART.o
 .debug_line    0x00003051      0x1e9 ./Sources/RGB_LED.o
 .debug_line    0x0000323a      0x5e0 ./Sources/Ymodem.o
 .debug_line    0x0000381a      0x24a ./Sources/latency.o
 .debug_line    0x00003a64      0x4ad ./Sources/main.o

.debug_str      0x00000000     0x548b
 .debug_str     0x00000000     0x1e7c ./Generated_Code/Flash1.o
                               0x1f1a (size before relaxing)
 .debug_str     0x00001e7c      0x4b6 ./Generated_Code/clockMan1.o
                               0x23b5 (size before relaxing)
 .debug_str     0x00002332       0x3f ./Project_Settings/Startup_Code/startup_S32K144.o
                                 0x7c (size before relaxing)
 .debug_str     0x00002371      0x1f8 ./SDK/platform/devices/S32K144/startup/system_S32K144.o
                                0x436 (size before relaxing)
 .debug_str     0x00002569      0x20c ./SDK/platform/devices/startup.o
                                0x425 (size before relaxing)
 .debug_str     0x00002775     0x155d ./SDK/platform/drivers/src/clock/S32K1xx/clock_S32K1xx.o
                               0x3935 (size before relaxing)
 .debug_str     0x00003cd2      0xce0 ./SDK/platform/drivers/src/flash/flash_driver.o
                               0x18dc (size before relaxing)
 .debug_str     0x000049b2      0x19d ./SDK/platform/drivers/src/interrupt/interrupt_manager.o
                                0xb7b (size before relaxing)
 .debug_str     0x00004b4f       0xf0 ./Sources/FlashWriteRead.o
                               0x209d (size before relaxing)
 .debug_str     0x00004c3f      0x54f ./Sources/LPUART.o
                               0x2b95 (size before relaxing)
 .debug_str     0x0000518e       0x87 ./Sources/RGB_LED.o
                                0x300 (size before relaxing)
 .debug_str     0x00005215      0x196 ./Sources/Ymodem.o
                               0x25cf (size before relaxing)
 .debug_str     0x000053ab       0x84 ./Sources/latency.o
                                0x2a4 (size before relaxing)
 .debug_str     0x0000542f       0x5c ./Sources/main.o
                               0x25aa (size before relaxing)

.comment        0x00000000       0xa0
 .comment       0x00000000       0xa0 ./Generated_Code/Flash1.o
                                 0xa1 (size before relaxing)
 .comment       0x000000a0       0xa1 ./Generated_Code/clockMan1.o
 .comment       0x000000a0       0xa1 ./SDK/platform/devices/S32K144/startup/system_S32K144.o
 .comment       0x000000a0       0xa1 ./SDK/platform/devices/startup.o
 .comment       0x000000a0       0xa1 ./SDK/platform/drivers/src/clock/S32K1xx/clock_S32K1xx.o
 .comment       0x000000a0       0xa1 ./SDK/platform/drivers/src/flash/flash_driver.o
 .comment       0x000000a0       0xa1 ./SDK/platform/drivers/src/interrupt/interrupt_manager.o
 .comment       0x000000a0       0xa1 ./Sources/FlashWriteRead.o
 .comment       0x000000a0       0xa1 ./Sources/LPUART.o
 .comment       0x000000a0       0xa1 ./Sources/RGB_LED.o
 .comment       0x000000a0       0xa1 ./Sources/Ymodem.o
 .comment       0x000000a0       0xa1 ./Sources/latency.o
 .comment       0x000000a0       0xa1 ./Sources/main.o

.debug_loc      0x00000000     0x7c9b
 .debug_loc     0x00000000       0xeb ./SDK/platform/devices/S32K144/startup/system_S32K144.o
 .debug_loc     0x000000eb       0xec ./SDK/platform/devices/startup.o
 .debug_loc     0x000001d7     0x4e0b ./SDK/platform/drivers/src/clock/S32K1xx/clock_S32K1xx.o
 .debug_loc     0x00004fe2     0x1e38 ./SDK/platform/drivers/src/flash/flash_driver.o
 .debug_loc     0x00006e1a      0x252 ./SDK/platform/drivers/src/interrupt/interrupt_manager.o
 .debug_loc     0x0000706c      0x2f7 ./Sources/FlashWriteRead.o
 .debug_loc     0x00007363      0x1f2 ./Sources/LPUART.o
 .debug_loc     0x00007555      0x5a3 ./Sources/Ymodem.o
 .debug_loc     0x00007af8      0x161 ./Sources/latency.o
 .debug_loc     0x00007c59       0x42 ./Sources/main.o

.debug_ranges   0x00000000      0x730
 .debug_ranges  0x00000000       0x20 ./SDK/platform/devices/S32K144/startup/system_S32K144.o
 .debug_ranges  0x00000020       0x10 ./SDK/platform/devices/startup.o
 .debug_ranges  0x00000030      0x388 ./SDK/platform/drivers/src/clock/S32K1xx/clock_S32K1xx.o
 .debug_ranges  0x000003b8      0x190 ./SDK/platform/drivers/src/flash/flash_driver.o
 .debug_ranges  0x00000548       0x98 ./SDK/platform/drivers/src/interrupt/interrupt_manager.o
 .debug_ranges  0x000005e0       0x30 ./Sources/FlashWriteRead.o
 .debug_ranges  0x00000610       0x40 ./Sources/LPUART.o
 .debug_ranges  0x00000650       0x38 ./Sources/RGB_LED.o
 .debug_ranges  0x00000688       0x60 ./Sources/Ymodem.o
 .debug_ranges  0x000006e8       0x30 ./Sources/latency.o
 .debug_ranges  0x00000718       0x18 ./Sources/main.o

.debug_frame    0x00000000      0xf14
 .debug_frame   0x00000000       0x40 ./SDK/platform/devices/S32K144/startup/system_S32K144.o
 .debug_frame   0x00000040       0x2c ./SDK/platform/devices/startup.o
 .debug_frame   0x0000006c      0x37c ./SDK/platform/drivers/src/clock/S32K1xx/clock_S32K1xx.o
 .debug_frame   0x000003e8      0x39c ./SDK/platform/drivers/src/flash/flash_driver.o
 .debug_frame   0x00000784       0xd8 ./SDK/platform/drivers/src/interrupt/interrupt_manager.o
 .debug_frame   0x0000085c       0x98 ./Sources/FlashWriteRead.o
 .debug_frame   0x000008f4       0xc8 ./Sources/LPUART.o
 .debug_frame   0x000009bc       0x70 ./Sources/RGB_LED.o
 .debug_frame   0x00000a2c       0xb0 ./Sources/Ymodem.o
 .debug_frame   0x00000adc       0x80 ./Sources/latency.o
 .debug_frame   0x00000b5c       0x50 ./Sources/main.o
 .debug_frame   0x00000bac       0x30 E:/NXP/S32DS_ARM_v2.2/S32DS/build_tools/gcc_v6.3/gcc-6.3-arm32-eabi/arm-none-eabi/newlib/lib/thumb/v7e-m/fpv4-sp/hard\libc_nano.a(lib_a-malloc.o)
 .debug_frame   0x00000bdc       0x28 E:/NXP/S32DS_ARM_v2.2/S32DS/build_tools/gcc_v6.3/gcc-6.3-arm32-eabi/arm-none-eabi/newlib/lib/thumb/v7e-m/fpv4-sp/hard\libc_nano.a(lib_a-memcpy-stub.o)
 .debug_frame   0x00000c04       0x20 E:/NXP/S32DS_ARM_v2.2/S32DS/build_tools/gcc_v6.3/gcc-6.3-arm32-eabi/arm-none-eabi/newlib/lib/thumb/v7e-m/fpv4-sp/hard\libc_nano.a(lib_a-memset.o)
 .debug_frame   0x00000c24       0x38 E:/NXP/S32DS_ARM_v2.2/S32DS/build_tools/gcc_v6.3/gcc-6.3-arm32-eabi/arm-none-eabi/newlib/lib/thumb/v7e-m/fpv4-sp/hard\libc_nano.a(lib_a-nano-freer.o)
 .debug_frame   0x00000c5c       0x2c E:/NXP/S32DS_ARM_v2.2/S32DS/build_tools/gcc_v6.3/gcc-6.3-arm32-eabi/arm-none-eabi/newlib/lib/thumb/v7e-m/fpv4-sp/hard\libc_nano.a(lib_a-nano-mallocr.o)
 .debug_frame   0x00000c88       0x2c E:/NXP/S32DS_ARM_v2.2/S32DS/build_tools/gcc_v6.3/gcc-6.3-arm32-eabi/arm-none-eabi/newlib/lib/thumb/v7e-m/fpv4-sp/hard\libc_nano.a(lib_a-sbrkr.o)
 .debug_frame   0x00000cb4       0x40 E:/NXP/S32DS_ARM_v2.2/S32DS/build_tools/gcc_v6.3/gcc-6.3-arm32-eabi/arm-none-eabi/newlib/lib/thumb/v7e-m/fpv4-sp/hard\libc_nano.a(lib_a-vsprintf.o)
 .debug_frame   0x00000cf4       0x30 E:/NXP/S32DS_ARM_v2.2/S32DS/build_tools/gcc_v6.3/gcc-6.3-arm32-eabi/arm-none-eabi/newlib/lib/thumb/v7e-m/fpv4-sp/hard\libc_nano.a(lib_a-mlock.o)
 .debug_frame   0x00000d24       0x90 E:/NXP/S32DS_ARM_v2.2/S32DS/build_tools/gcc_v6.3/gcc-6.3-arm32-eabi/arm-none-eabi/newlib/lib/thumb/v7e-m/fpv4-sp/hard\libc_nano.a(lib_a-nano-svfprintf.o)
 .debug_frame   0x00000db4       0x60 E:/NXP/S32DS_ARM_v2.2/S32DS/build_tools/gcc_v6.3/gcc-6.3-arm32-eabi/arm-none-eabi/newlib/lib/thumb/v7e-m/fpv4-sp/hard\libc_nano.a(lib_a-nano-vfprintf_i.o)
 .debug_frame   0x00000e14       0x5c E:/NXP/S32DS_ARM_v2.2/S32DS/build_tools/gcc_v6.3/gcc-6.3-arm32-eabi/arm-none-eabi/newlib/lib/thumb/v7e-m/fpv4-sp/hard\libc_nano.a(lib_a-reent.o)
 .debug_frame   0x00000e70       0x28 E:/NXP/S32DS_ARM_v2.2/S32DS/build_tools/gcc_v6.3/gcc-6.3-arm32-eabi/arm-none-eabi/newlib/lib/thumb/v7e-m/fpv4-sp/hard\libc_nano.a(lib_a-memmove.o)
 .debug_frame   0x00000e98       0x3c E:/NXP/S32DS_ARM_v2.2/S32DS/build_tools/gcc_v6.3/gcc-6.3-arm32-eabi/arm-none-eabi/newlib/lib/thumb/v7e-m/fpv4-sp/hard\libc_nano.a(lib_a-nano-reallocr.o)
 .debug_frame   0x00000ed4       0x20 E:/NXP/S32DS_ARM_v2.2/S32DS/build_tools/gcc_v6.3/gcc-6.3-arm32-eabi/arm-none-eabi/newlib/lib/thumb/v7e-m/fpv4-sp/hard\libc_nano.a(lib_a-nano-msizer.o)
 .debug_frame   0x00000ef4       0x20 E:/NXP/S32DS_ARM_v2.2/S32DS/build_tools/gcc_v6.3/gcc-6.3-arm32-eabi/arm-none-eabi/newlib/lib/thumb/v7e-m/fpv4-sp/hard\libnosys.a(sbrk.o)
